// Jest Snapshot v1, https://goo.gl/fbAQLP

exports[`Snapshot 1`] = `
{
  "Parameters": {
    "BootstrapVersion": {
      "Default": "/cdk-bootstrap/hnb659fds/version",
      "Description": "Version of the CDK Bootstrap resources in this environment, automatically retrieved from SSM Parameter Store. [cdk:skip]",
      "Type": "AWS::SSM::Parameter::Value<String>",
    },
  },
  "Resources": {
    "MyFunction": {
      "Properties": {
        "CodeUri": "src/lambda",
        "Environment": {
          "Variables": {
            "BUCKET_NAME": {
              "Fn::GetAtt": [
                "MyNestedStack1",
                "Outputs.testMyNestedStack1MyBucketDD0D0DE5Ref",
              ],
            },
            "TABLE_NAME": {
              "Fn::GetAtt": [
                "MyNestedStack2",
                "Outputs.testMyNestedStack2MyTable5D6DF389Ref",
              ],
            },
          },
        },
        "Handler": "hello-world.handler",
        "Runtime": "nodejs22.x",
      },
      "Type": "AWS::Serverless::Function",
    },
    "MyNestedStack1": {
      "DeletionPolicy": "Delete",
      "Properties": {
        "TemplateURL": {
          "Fn::Join": [
            "",
            [
              "https://s3.",
              {
                "Ref": "AWS::Region",
              },
              ".",
              {
                "Ref": "AWS::URLSuffix",
              },
              "/",
              {
                "Fn::Sub": "cdk-hnb659fds-assets-\${AWS::AccountId}-\${AWS::Region}",
              },
              "/a53f18e8fe85675f7195788b880eca665c5d2b2f5c338dcc2e382231b1217322.json",
            ],
          ],
        },
      },
      "Type": "AWS::CloudFormation::Stack",
      "UpdateReplacePolicy": "Delete",
    },
    "MyNestedStack2": {
      "DeletionPolicy": "Delete",
      "Properties": {
        "TemplateURL": {
          "Fn::Join": [
            "",
            [
              "https://s3.",
              {
                "Ref": "AWS::Region",
              },
              ".",
              {
                "Ref": "AWS::URLSuffix",
              },
              "/",
              {
                "Fn::Sub": "cdk-hnb659fds-assets-\${AWS::AccountId}-\${AWS::Region}",
              },
              "/d850c4aae1d2becb3e693c9488380b239ee6c29382d088251a2589f2168bf213.json",
            ],
          ],
        },
      },
      "Type": "AWS::CloudFormation::Stack",
      "UpdateReplacePolicy": "Delete",
    },
  },
  "Rules": {
    "CheckBootstrapVersion": {
      "Assertions": [
        {
          "Assert": {
            "Fn::Not": [
              {
                "Fn::Contains": [
                  [
                    "1",
                    "2",
                    "3",
                    "4",
                    "5",
                  ],
                  {
                    "Ref": "BootstrapVersion",
                  },
                ],
              },
            ],
          },
          "AssertDescription": "CDK bootstrap stack version 6 required. Please run 'cdk bootstrap' with a recent version of the CDK CLI.",
        },
      ],
    },
  },
  "Transform": "AWS::Serverless-2016-10-31",
}
`;
